// Jest Snapshot v1, https://goo.gl/fbAQLP

exports[`Module has a prop id 1`] = `
<div
  id="module-1"
/>
`;
